MPLINK 4.49, Linker
Linker Map File - Created Mon Dec 21 20:21:01 2020

                                 Section Info
                  Section       Type    Address   Location Size(Bytes)
                ---------  ---------  ---------  ---------  ---------
                   .org_0       code   0x000000    program   0x000048
                   .cinit    romdata   0x000024    program   0x000004



                              Program Memory Usage 
                               Start         End      
                           ---------   ---------      
                            0x000000    0x000025      
            38 out of 2311 program addresses used, program memory utilization is 1%



                              Symbols - Sorted by Name
                     Name    Address   Location    Storage File                     
                ---------  ---------  ---------  --------- ---------                
                    first   0x000017    program     static C:\Users\user\Desktop\hw12\hw12\register_addressing\register_addressing.asm
                   first1   0x000020    program     static C:\Users\user\Desktop\hw12\hw12\register_addressing\register_addressing.asm
                   first2   0x000004    program     static C:\Users\user\Desktop\hw12\hw12\register_addressing\register_addressing.asm
                   first3   0x00000d    program     static C:\Users\user\Desktop\hw12\hw12\register_addressing\register_addressing.asm
                    loop1   0x00001e    program     static C:\Users\user\Desktop\hw12\hw12\register_addressing\register_addressing.asm
                    loop2   0x000014    program     static C:\Users\user\Desktop\hw12\hw12\register_addressing\register_addressing.asm
                    loop3   0x00000b    program     static C:\Users\user\Desktop\hw12\hw12\register_addressing\register_addressing.asm
                    loop4   0x000001    program     static C:\Users\user\Desktop\hw12\hw12\register_addressing\register_addressing.asm
                    start   0x000000    program     static C:\Users\user\Desktop\hw12\hw12\register_addressing\register_addressing.asm



                              Symbols - Sorted by Address
                     Name    Address   Location    Storage File                     
                ---------  ---------  ---------  --------- ---------                
                    start   0x000000    program     static C:\Users\user\Desktop\hw12\hw12\register_addressing\register_addressing.asm
                    loop4   0x000001    program     static C:\Users\user\Desktop\hw12\hw12\register_addressing\register_addressing.asm
                   first2   0x000004    program     static C:\Users\user\Desktop\hw12\hw12\register_addressing\register_addressing.asm
                    loop3   0x00000b    program     static C:\Users\user\Desktop\hw12\hw12\register_addressing\register_addressing.asm
                   first3   0x00000d    program     static C:\Users\user\Desktop\hw12\hw12\register_addressing\register_addressing.asm
                    loop2   0x000014    program     static C:\Users\user\Desktop\hw12\hw12\register_addressing\register_addressing.asm
                    first   0x000017    program     static C:\Users\user\Desktop\hw12\hw12\register_addressing\register_addressing.asm
                    loop1   0x00001e    program     static C:\Users\user\Desktop\hw12\hw12\register_addressing\register_addressing.asm
                   first1   0x000020    program     static C:\Users\user\Desktop\hw12\hw12\register_addressing\register_addressing.asm


